
> monkey-backend@1.0.0 test
> jest --runInBand

node.exe : PASS tests/contact-unconfigured.test.js
In riga:1 car:1
+ & "C:\Program Files\nodejs/node.exe" "C:\Program Files\nodejs/node_mo ...
+ ~~~~~~~~~~~~~~~~~~~~~~~~~~~~~~~~~~~~~~~~~~~~~~~~~~~~~~~~~~~~~~~~~~~~~
    + CategoryInfo          : NotSpecified: (PASS tests/contact-unconfigured.test.js:String) [], RemoteException
    + FullyQualifiedErrorId : NativeCommandError
 
PASS tests/newsletter.test.js
PASS tests/posts.test.js
PASS tests/upload.test.js
PASS tests/favorites.test.js
PASS tests/siteTexts.test.js
PASS tests/admin.test.js
PASS tests/auth.test.js
PASS tests/pageLayout.test.js
PASS tests/bundles.test.js
PASS tests/products.test.js
PASS tests/contact.test.js
PASS tests/reviews.test.js
PASS tests/health.test.js
PASS tests/health2.test.js

Test Suites: 15 passed, 15 total
Tests:       76 passed, 76 total
Snapshots:   0 total
Time:        8.984 s, estimated 9 s
Ran all test suites.
